Load Map - Wed May 02 19:47:07 BST 2018

Main class:       FinalProjectBasis
Classes:          62
Interfaces:       8
Methods:          170
Constants:        91
Instance fields:  100
Static fields:    36
Static data size: 148
Code size:        8806
Start address:    8000
End address:      a265

80f8 80f9 java.lang.Object.<init>()
80fe 8111 java.lang.Object.getClass()
811b 812f java.lang.Object.clone()
8139 815d java.lang.Object.toString()
8244 8255 java.lang.Thread.run()
825a 8260 java.lang.Thread.setName(java.lang.String)
8264 828f java.lang.Thread.sleep(long)
8293 8298 java.lang.Thread.<clinit>()
82a6 82ac java.lang.Thread.<init>()
82b0 82c8 java.lang.Thread.<init>(java.lang.Runnable)
82d1 82f0 java.lang.Thread.<init>(java.lang.Runnable, java.lang.String)
82fa 832a java.lang.Thread.toString()
832f 8334 java.lang.Thread.getName()
838e 83cd com.ridgesoft.intellibrain.StartupThread.run()
8419 8423 java.lang.String.createString(byte[])
8427 8436 java.lang.String.<init>(byte[], int)
843a 844b java.lang.String.<init>()
844f 8464 java.lang.String.<init>(byte[])
8469 8474 java.lang.String.getBytes()
8479 847f java.lang.String.length()
8484 84a6 java.lang.String.getBytes(int, int, byte[], int)
84aa 84da java.lang.String.<init>(char[], int, int)
84de 8508 java.lang.String.<init>(byte[], int, int)
850c 8511 java.lang.String.valueOf(java.lang.Object)
8516 8518 java.lang.String.toString()
85ac 86aa java.lang.Throwable.vmThrow(int)
86b6 86db java.lang.Throwable.<init>()
86e8 878d java.lang.Throwable.printStackTrace()
8791 87b8 java.lang.Throwable.<clinit>()
87c1 87c9 java.lang.Throwable.init()
87d5 8817 java.lang.Throwable.<init>(java.lang.String)
88bd 88c7 java.lang.InternalError.<init>()
88cb 88d6 java.lang.InternalError.<init>(java.lang.String)
8905 890f java.lang.OutOfMemoryError.<init>()
8913 891e java.lang.OutOfMemoryError.<init>(java.lang.String)
894f 8959 java.lang.StackOverflowError.<init>()
895d 8968 java.lang.StackOverflowError.<init>(java.lang.String)
8d7f 8e4e FinalProjectBasis.main(java.lang.String[])
8e52 8e60 FinalProjectBasis.waitState()
8e64 8ed0 FinalProjectBasis.navRigthState()
8ed4 8f22 FinalProjectBasis.displayState()
8f26 8f38 FinalProjectBasis.getDist(com.ridgesoft.robotics.RangeFinder)
8f3c 8f59 FinalProjectBasis.rotateAngle(int)
8f5d 8f80 FinalProjectBasis.bumperManuever(int)
8f84 8f9b FinalProjectBasis.move(int, int)
8fa7 8fb5 FinalProjectBasis.wait(int)
8fb9 8fcd FinalProjectBasis.rotate(int)
8fd1 8fe2 FinalProjectBasis.stop()
9016 902c java.io.OutputStream.write(byte[])
9036 9037 java.io.OutputStream.flush()
903c 905a java.io.OutputStream.write(byte[], int, int)
9095 909f java.io.FilterOutputStream.<init>(java.io.OutputStream)
90a4 90ad java.io.FilterOutputStream.write(byte[])
90b2 90bb java.io.FilterOutputStream.write(int)
90c0 90c8 java.io.FilterOutputStream.flush()
90cd 90d8 java.io.FilterOutputStream.write(byte[], int, int)
910b 9116 java.io.PrintStream.<init>(java.io.OutputStream)
911b 9125 java.io.PrintStream.println(java.lang.String)
9132 9149 java.io.PrintStream.print(java.lang.String)
9156 9170 java.io.PrintStream.println()
91aa 91b9 com.ridgesoft.io.OutputStreamTee.<init>(java.io.OutputStream, java.io.OutputStream)
91cd 91e6 com.ridgesoft.io.OutputStreamTee.write(byte[])
91fa 9213 com.ridgesoft.io.OutputStreamTee.write(int)
9227 923e com.ridgesoft.io.OutputStreamTee.flush()
9252 926f com.ridgesoft.io.OutputStreamTee.write(byte[], int, int)
92be 9321 com.ridgesoft.io.DisplayOutputStream.<init>(com.ridgesoft.io.Display)
9325 9332 com.ridgesoft.io.DisplayOutputStream.<clinit>()
9337 9340 com.ridgesoft.io.DisplayOutputStream.write(byte[])
9345 9392 com.ridgesoft.io.DisplayOutputStream.write(int)
9397 93c3 com.ridgesoft.io.DisplayOutputStream.flush()
93c8 93d4 com.ridgesoft.io.DisplayOutputStream.write(byte[], int, int)
93d8 9456 com.ridgesoft.io.DisplayOutputStream.scroll()
949f 94a4 com.ridgesoft.vm.DebugOutputStream.<clinit>()
94a9 94b2 com.ridgesoft.vm.DebugOutputStream.write(byte[])
94b7 9500 com.ridgesoft.vm.DebugOutputStream.write(int)
950d 952e com.ridgesoft.vm.DebugOutputStream.flush()
9533 953f com.ridgesoft.vm.DebugOutputStream.write(byte[], int, int)
9562 9566 com.ridgesoft.vm.VM.getDebugOutputStream()
957e 958d com.ridgesoft.vm.VM.<clinit>()
9591 95a0 com.ridgesoft.vm.VM.isSet(int, int)
95e6 95fd com.ridgesoft.intellibrain.IntelliBrain.getOutputStream()
9601 9696 com.ridgesoft.intellibrain.IntelliBrain.getDigitalIO(int)
969a 96ae com.ridgesoft.intellibrain.IntelliBrain.getLcdDisplay()
96b2 96f5 com.ridgesoft.intellibrain.IntelliBrain.getServo(int)
96f9 97b4 com.ridgesoft.intellibrain.IntelliBrain.getPinPortData(byte)
97b8 97bf com.ridgesoft.intellibrain.IntelliBrain.<clinit>()
97cb 9871 com.ridgesoft.intellibrain.IntelliBrain.initialize()
98a2 98a7 java.lang.System.setOut(java.io.PrintStream)
98ab 98b0 java.lang.System.setErr(java.io.PrintStream)
990f 9940 com.ridgesoft.intellibrain.IntelliBrainPinPort.setPullUp(boolean)
9944 9953 com.ridgesoft.intellibrain.IntelliBrainPinPort.<init>(com.ridgesoft.intellibrain.IntelliBrainPinPortData)
99cc 99dc com.ridgesoft.intellibrain.IntelliBrainDigitalIO.<init>(com.ridgesoft.intellibrain.IntelliBrainPinPortData, boolean)
99e1 9a0c com.ridgesoft.intellibrain.IntelliBrainDigitalIO.isSet()
9a11 9a4a com.ridgesoft.intellibrain.IntelliBrainDigitalIO.enablePulseMeasurement(boolean)
9a54 9a5c com.ridgesoft.intellibrain.IntelliBrainDigitalIO.toString()
9a61 9a8c com.ridgesoft.intellibrain.IntelliBrainDigitalIO.pulse(int)
9a96 9aab com.ridgesoft.intellibrain.IntelliBrainDigitalIO.readPulseDuration()
9af0 9afc com.ridgesoft.intellibrain.IntelliBrainExpDigitalIO.<init>(com.ridgesoft.intellibrain.IntelliBrainPinPortData)
9b01 9b0e com.ridgesoft.intellibrain.IntelliBrainExpDigitalIO.setPullUp(boolean)
9b83 9b95 com.ridgesoft.robotics.SonarRangeFinder.getDistanceCm()
9bd1 9be5 com.ridgesoft.robotics.sensors.ParallaxPing.<init>(com.ridgesoft.robotics.PulseInput)
9bea 9bf9 com.ridgesoft.robotics.sensors.ParallaxPing.ping()
9bfe 9c19 com.ridgesoft.robotics.sensors.ParallaxPing.getEchoDelay()
9c78 9c96 com.ridgesoft.robotics.ContinuousRotationServo.<init>(com.ridgesoft.robotics.Servo, boolean, int)
9c9b 9d18 com.ridgesoft.robotics.ContinuousRotationServo.setPower(int)
9d1d 9d27 com.ridgesoft.robotics.ContinuousRotationServo.stop()
9d62 9d67 java.lang.Class.getName()
9d6b 9d75 java.lang.Class.<init>(java.lang.String)
9ddd 9df8 java.lang.StringBuilder.<init>(java.lang.String)
9dfd 9e26 java.lang.StringBuilder.append(java.lang.String)
9e2b 9e3c java.lang.StringBuilder.toString()
9e41 9e7a java.lang.StringBuilder.ensureCapacity(int)
9e7f 9eda java.lang.StringBuilder.append(int)
9edf 9f0c java.lang.StringBuilder.append(char[], int, int)
9f10 9f22 java.lang.StringBuilder.<init>()
9f27 9f39 java.lang.StringBuilder.append(boolean)
9f60 9fa4 java.lang.Integer.toHexString(int)
9fa9 9fb1 java.lang.Integer.toString()
9fb5 9fc4 java.lang.Integer.toString(int)
a033 a053 com.ridgesoft.intellibrain.IntelliBrainPinPortData.<init>(byte, short, short, short, byte)
a089 a093 com.ridgesoft.io.Display.print(int, java.lang.String)
a098 a09d com.ridgesoft.io.Display.getWidth()
a0a2 a0a7 com.ridgesoft.io.Display.getHeight()
a0ab a0bc com.ridgesoft.io.Display.<init>(int, int)
a0c1 a0f5 com.ridgesoft.io.Display.print(int, byte[])
a12f a137 com.ridgesoft.intellibrain.IntelliBrainDisplay.<init>()
a13c a143 com.ridgesoft.intellibrain.IntelliBrainDisplay.printChar(int, int, byte)
a184 a18f com.ridgesoft.intellibrain.IntelliBrainServo.<init>(int)
a194 a19d com.ridgesoft.intellibrain.IntelliBrainServo.off()
a1a2 a1ab com.ridgesoft.intellibrain.IntelliBrainServo.setPosition(int)
a24a a259 java.lang.Boolean.toString(boolean)
a25e a266 java.lang.Boolean.toString()
